../Dev/App/temperature_control/temperature_control.c:46:13:temperature_control_task_init	32	static
../Dev/App/temperature_control/temperature_control.c:59:13:temperature_control_task_dispatch	24	static
../Dev/App/temperature_control/temperature_control.c:69:6:temperature_control_task_ctor	32	static
../Dev/App/temperature_control/temperature_control.c:83:6:temperature_control_task_singleton_ctor	56	static
../Dev/App/temperature_control/temperature_control.c:95:6:temperature_control_task_start	16	static
../Dev/App/temperature_control/temperature_control.c:101:16:temperature_control_state_manual_handler	32	static
../Dev/App/temperature_control/temperature_control.c:145:16:temperature_control_state_cooling_handler	32	static
../Dev/App/temperature_control/temperature_control.c:182:16:temperature_control_state_off_wait_heat_handler	32	static
../Dev/App/temperature_control/temperature_control.c:220:16:temperature_control_state_heating_heater_handler	32	static
../Dev/App/temperature_control/temperature_control.c:254:16:temperature_control_state_wait_cool_handler	32	static
../Dev/App/temperature_control/temperature_control.c:295:6:temperature_control_auto_tec_enable_output	24	static
../Dev/App/temperature_control/temperature_control.c:308:6:temperature_control_enable_heater	24	static
../Dev/App/temperature_control/temperature_control.c:320:6:temperature_control_heater_disable_all	24	static
../Dev/App/temperature_control/temperature_control.c:326:10:temperature_control_profile_tec_voltage_get	16	static
../Dev/App/temperature_control/temperature_control.c:334:10:temperature_control_auto_mode_set	40	static
../Dev/App/temperature_control/temperature_control.c:342:10:temperature_control_man_mode_set	40	static
../Dev/App/temperature_control/temperature_control.c:353:6:temperature_control_auto_tec_set_output	88	static
../Dev/App/temperature_control/temperature_control.c:371:6:temperature_control_tec_output_disable_all	24	static
../Dev/App/temperature_control/temperature_control.c:376:6:temperature_control_tec_init_all	24	static
../Dev/App/temperature_control/temperature_control.c:385:10:temperature_control_tec_init	24	static
../Dev/App/temperature_control/temperature_control.c:393:10:temperature_control_tec_enable_output	32	static
../Dev/App/temperature_control/temperature_control.c:401:6:temperature_control_is_in_man_state	16	static
../Dev/App/temperature_control/temperature_control.c:406:10:temperature_control_profile_tec_register	16	static
../Dev/App/temperature_control/temperature_control.c:415:10:temperature_control_profile_tec_unregister	16	static
../Dev/App/temperature_control/temperature_control.c:423:9:temperature_control_profile_tec_get	16	static
../Dev/App/temperature_control/temperature_control.c:430:10:temperature_control_profile_tec_voltage_set	16	static
../Dev/App/temperature_control/temperature_control.c:442:10:temperature_control_profile_heater_duty_set	16	static
../Dev/App/temperature_control/temperature_control.c:449:9:temperature_control_profile_heater_duty_get	16	static
../Dev/App/temperature_control/temperature_control.c:453:10:temperature_control_profile_heater_register	16	static
../Dev/App/temperature_control/temperature_control.c:460:10:temperature_control_profile_heater_unregister	16	static
../Dev/App/temperature_control/temperature_control.c:469:9:temperature_control_profile_heater_profile_get	16	static
../Dev/App/temperature_control/temperature_control.c:474:10:temperature_control_profile_ntc_register	16	static
../Dev/App/temperature_control/temperature_control.c:481:6:temperature_control_profile_setpoint_set	16	static
../Dev/App/temperature_control/temperature_control.c:485:9:temperature_control_profile_setpoint_get	16	static
../Dev/App/temperature_control/temperature_control.c:489:9:temperature_control_profile_ntc_get	16	static
../Dev/App/temperature_control/temperature_control.c:494:10:temperature_control_tec_manual_set_output	80	static
../Dev/App/temperature_control/temperature_control.c:507:6:temperature_control_power_control	16	static
../Dev/App/temperature_control/temperature_control.c:520:6:temperature_control_is_powered_on	16	static
