../Drivers/STM32F7xx_HAL_Driver/Inc/stm32f7xx_ll_spi.h:358:22:LL_SPI_Enable	16	static
../Drivers/STM32F7xx_HAL_Driver/Inc/stm32f7xx_ll_spi.h:370:22:LL_SPI_Disable	16	static
../Drivers/STM32F7xx_HAL_Driver/Inc/stm32f7xx_ll_spi.h:455:22:LL_SPI_SetClockPhase	16	static
../Drivers/STM32F7xx_HAL_Driver/Inc/stm32f7xx_ll_spi.h:484:22:LL_SPI_SetClockPolarity	16	static
../Drivers/STM32F7xx_HAL_Driver/Inc/stm32f7xx_ll_spi.h:518:22:LL_SPI_SetBaudRatePrescaler	16	static
../Dev/BSupport/BSP/bsp_laser/bsp_laser.c:13:6:bsp_laser_set_spi_prescaler	16	static
../Dev/BSupport/BSP/bsp_laser/bsp_laser.c:20:6:bsp_laser_set_spi_mode	16	static
../Dev/BSupport/BSP/bsp_laser/bsp_laser.c:48:6:bsp_laser_init	16	static
../Dev/BSupport/BSP/bsp_laser/bsp_laser.c:57:6:bsp_laser_int_switch_on	16	static
../Dev/BSupport/BSP/bsp_laser/bsp_laser.c:62:6:bsp_laser_int_switch_off_all	8	static
../Dev/BSupport/BSP/bsp_laser/bsp_laser.c:66:6:bsp_laser_ext_switch_on	16	static
../Dev/BSupport/BSP/bsp_laser/bsp_laser.c:71:6:bsp_laser_ext_switch_off_all	8	static
../Dev/BSupport/BSP/bsp_laser/bsp_laser.c:79:6:bsp_laser_int_set_current	16	static
../Dev/BSupport/BSP/bsp_laser/bsp_laser.c:85:6:bsp_laser_ext_set_current	16	static
../Dev/BSupport/BSP/bsp_laser/bsp_laser.c:90:6:bsp_laser_set_current	16	static
