../Drivers/STM32F7xx_HAL_Driver/Inc/stm32f7xx_ll_spi.h:358:22:LL_SPI_Enable	16	static
../Drivers/STM32F7xx_HAL_Driver/Inc/stm32f7xx_ll_spi.h:381:26:LL_SPI_IsEnabled	16	static
../Drivers/STM32F7xx_HAL_Driver/Inc/stm32f7xx_ll_spi.h:916:26:LL_SPI_IsActiveFlag_TXE	16	static
../Drivers/STM32F7xx_HAL_Driver/Inc/stm32f7xx_ll_spi.h:967:26:LL_SPI_IsActiveFlag_BSY	16	static
../Drivers/STM32F7xx_HAL_Driver/Inc/stm32f7xx_ll_spi.h:1333:25:LL_SPI_ReceiveData8	16	static
../Drivers/STM32F7xx_HAL_Driver/Inc/stm32f7xx_ll_spi.h:1356:22:LL_SPI_TransmitData8	24	static
../Drivers/STM32F7xx_HAL_Driver/Inc/stm32f7xx_ll_gpio.h:881:22:LL_GPIO_SetOutputPin	16	static
../Drivers/STM32F7xx_HAL_Driver/Inc/stm32f7xx_ll_gpio.h:910:22:LL_GPIO_ResetOutputPin	16	static
../Dev/Devices/ADG1414/adg1414.c:11:13:ADG1414_Chain_Write	24	static
../Dev/Devices/ADG1414/adg1414.c:29:6:ADG1414_Chain_Init	56	static,ignoring_inline_asm
../Dev/Devices/ADG1414/adg1414.c:61:6:ADG1414_Chain_SwitchOn	24	static
../Dev/Devices/ADG1414/adg1414.c:130:6:ADG1414_Chain_SwitchAllOff	24	static
