../Drivers/STM32F7xx_HAL_Driver/Inc/stm32f7xx_ll_gpio.h:881:22:LL_GPIO_SetOutputPin	16	static
../Drivers/STM32F7xx_HAL_Driver/Inc/stm32f7xx_ll_gpio.h:910:22:LL_GPIO_ResetOutputPin	16	static
../Drivers/STM32F7xx_HAL_Driver/Inc/stm32f7xx_ll_spi.h:905:26:LL_SPI_IsActiveFlag_RXNE	16	static
../Drivers/STM32F7xx_HAL_Driver/Inc/stm32f7xx_ll_spi.h:916:26:LL_SPI_IsActiveFlag_TXE	16	static
../Drivers/STM32F7xx_HAL_Driver/Inc/stm32f7xx_ll_spi.h:1194:22:LL_SPI_EnableDMAReq_RX	16	static
../Drivers/STM32F7xx_HAL_Driver/Inc/stm32f7xx_ll_spi.h:1205:22:LL_SPI_DisableDMAReq_RX	16	static
../Drivers/STM32F7xx_HAL_Driver/Inc/stm32f7xx_ll_spi.h:1227:22:LL_SPI_EnableDMAReq_TX	16	static
../Drivers/STM32F7xx_HAL_Driver/Inc/stm32f7xx_ll_spi.h:1238:22:LL_SPI_DisableDMAReq_TX	16	static
../Drivers/STM32F7xx_HAL_Driver/Inc/stm32f7xx_ll_spi.h:1333:25:LL_SPI_ReceiveData8	16	static
../Drivers/STM32F7xx_HAL_Driver/Inc/stm32f7xx_ll_spi.h:1356:22:LL_SPI_TransmitData8	24	static
../Drivers/STM32F7xx_HAL_Driver/Inc/stm32f7xx_ll_dma.h:497:22:LL_DMA_EnableStream	16	static
../Drivers/STM32F7xx_HAL_Driver/Inc/stm32f7xx_ll_dma.h:517:22:LL_DMA_DisableStream	16	static
../Drivers/STM32F7xx_HAL_Driver/Inc/stm32f7xx_ll_dma.h:646:22:LL_DMA_SetMode	24	static
../Drivers/STM32F7xx_HAL_Driver/Inc/stm32f7xx_ll_dma.h:738:22:LL_DMA_SetMemoryIncMode	24	static
../Drivers/STM32F7xx_HAL_Driver/Inc/stm32f7xx_ll_dma.h:971:22:LL_DMA_SetDataLength	24	static
../Drivers/STM32F7xx_HAL_Driver/Inc/stm32f7xx_ll_dma.h:1425:22:LL_DMA_ConfigAddresses	24	static
../Drivers/STM32F7xx_HAL_Driver/Inc/stm32f7xx_ll_dma.h:2609:22:LL_DMA_EnableIT_TC	16	static
../Drivers/STM32F7xx_HAL_Driver/Inc/stm32f7xx_ll_dma.h:2709:22:LL_DMA_DisableIT_TC	16	static
../Dev/Devices/IS66WVS4M8BLL/IS66WVS4M8BLL.c:8:6:SRAM_Initialize	16	static
../Dev/Devices/IS66WVS4M8BLL/IS66WVS4M8BLL.c:15:6:SRAM_read_id	32	static
../Dev/Devices/IS66WVS4M8BLL/IS66WVS4M8BLL.c:37:6:SRAM_write_polling	32	static
../Dev/Devices/IS66WVS4M8BLL/IS66WVS4M8BLL.c:58:6:SRAM_read_polling	40	static
../Dev/Devices/IS66WVS4M8BLL/IS66WVS4M8BLL.c:80:6:SRAM_fast_read_polling	48	static
../Dev/Devices/IS66WVS4M8BLL/IS66WVS4M8BLL.c:111:6:SRAM_write_DMA	48	static
../Dev/Devices/IS66WVS4M8BLL/IS66WVS4M8BLL.c:163:6:SRAM_read_DMA	56	static
../Dev/Devices/IS66WVS4M8BLL/IS66WVS4M8BLL.c:209:6:DMA_RX_callback	16	static
../Dev/Devices/IS66WVS4M8BLL/IS66WVS4M8BLL.c:225:9:SRAM_IsTransferDone	16	static
