../Drivers/CMSIS/Include/core_cm7.h:1884:26:__NVIC_GetPriorityGrouping	1
../Drivers/CMSIS/Include/core_cm7.h:1896:22:__NVIC_EnableIRQ	2
../Drivers/CMSIS/Include/core_cm7.h:2024:22:__NVIC_SetPriority	2
../Drivers/CMSIS/Include/core_cm7.h:2071:26:NVIC_EncodePriority	2
../Drivers/STM32F7xx_HAL_Driver/Inc/stm32f7xx_ll_dma.h:598:22:LL_DMA_SetDataTransferDirection	1
../Drivers/STM32F7xx_HAL_Driver/Inc/stm32f7xx_ll_dma.h:646:22:LL_DMA_SetMode	1
../Drivers/STM32F7xx_HAL_Driver/Inc/stm32f7xx_ll_dma.h:693:22:LL_DMA_SetPeriphIncMode	1
../Drivers/STM32F7xx_HAL_Driver/Inc/stm32f7xx_ll_dma.h:738:22:LL_DMA_SetMemoryIncMode	1
../Drivers/STM32F7xx_HAL_Driver/Inc/stm32f7xx_ll_dma.h:784:22:LL_DMA_SetPeriphSize	1
../Drivers/STM32F7xx_HAL_Driver/Inc/stm32f7xx_ll_dma.h:831:22:LL_DMA_SetMemorySize	1
../Drivers/STM32F7xx_HAL_Driver/Inc/stm32f7xx_ll_dma.h:924:22:LL_DMA_SetStreamPriorityLevel	1
../Drivers/STM32F7xx_HAL_Driver/Inc/stm32f7xx_ll_dma.h:1032:22:LL_DMA_SetChannelSelection	1
../Drivers/STM32F7xx_HAL_Driver/Inc/stm32f7xx_ll_dma.h:1299:22:LL_DMA_DisableFifoMode	1
../Drivers/STM32F7xx_HAL_Driver/Inc/stm32f7xx_ll_i2c.h:429:22:LL_I2C_Enable	1
../Drivers/STM32F7xx_HAL_Driver/Inc/stm32f7xx_ll_i2c.h:644:22:LL_I2C_EnableClockStretching	1
../Drivers/STM32F7xx_HAL_Driver/Inc/stm32f7xx_ll_i2c.h:724:22:LL_I2C_DisableGeneralCall	1
../Drivers/STM32F7xx_HAL_Driver/Inc/stm32f7xx_ll_i2c.h:835:22:LL_I2C_SetOwnAddress2	1
../Drivers/STM32F7xx_HAL_Driver/Inc/stm32f7xx_ll_i2c.h:857:22:LL_I2C_DisableOwnAddress2	1
../Drivers/STM32F7xx_HAL_Driver/Inc/stm32f7xx_ll_i2c.h:1839:22:LL_I2C_EnableAutoEndMode	1
../Drivers/STM32F7xx_HAL_Driver/Inc/stm32f7xx_ll_rcc.h:1972:22:LL_RCC_HSE_Enable	1
../Drivers/STM32F7xx_HAL_Driver/Inc/stm32f7xx_ll_rcc.h:1992:26:LL_RCC_HSE_IsReady	1
../Drivers/STM32F7xx_HAL_Driver/Inc/stm32f7xx_ll_rcc.h:2214:22:LL_RCC_SetSysClkSource	1
../Drivers/STM32F7xx_HAL_Driver/Inc/stm32f7xx_ll_rcc.h:2227:26:LL_RCC_GetSysClkSource	1
../Drivers/STM32F7xx_HAL_Driver/Inc/stm32f7xx_ll_rcc.h:2247:22:LL_RCC_SetAHBPrescaler	1
../Drivers/STM32F7xx_HAL_Driver/Inc/stm32f7xx_ll_rcc.h:2263:22:LL_RCC_SetAPB1Prescaler	1
../Drivers/STM32F7xx_HAL_Driver/Inc/stm32f7xx_ll_rcc.h:2279:22:LL_RCC_SetAPB2Prescaler	1
../Drivers/STM32F7xx_HAL_Driver/Inc/stm32f7xx_ll_rcc.h:2407:22:LL_RCC_SetUSARTClockSource	1
../Drivers/STM32F7xx_HAL_Driver/Inc/stm32f7xx_ll_rcc.h:2437:22:LL_RCC_SetUARTClockSource	1
../Drivers/STM32F7xx_HAL_Driver/Inc/stm32f7xx_ll_rcc.h:2465:22:LL_RCC_SetI2CClockSource	1
../Drivers/STM32F7xx_HAL_Driver/Inc/stm32f7xx_ll_rcc.h:3102:22:LL_RCC_SetTIMPrescaler	1
../Drivers/STM32F7xx_HAL_Driver/Inc/stm32f7xx_ll_rcc.h:3132:22:LL_RCC_PLL_Enable	1
../Drivers/STM32F7xx_HAL_Driver/Inc/stm32f7xx_ll_rcc.h:3153:26:LL_RCC_PLL_IsReady	1
../Drivers/STM32F7xx_HAL_Driver/Inc/stm32f7xx_ll_rcc.h:3241:22:LL_RCC_PLL_ConfigDomain_SYS	1
../Drivers/STM32F7xx_HAL_Driver/Inc/stm32f7xx_ll_bus.h:309:22:LL_AHB1_GRP1_EnableClock	1
../Drivers/STM32F7xx_HAL_Driver/Inc/stm32f7xx_ll_bus.h:1071:22:LL_APB1_GRP1_EnableClock	1
../Drivers/STM32F7xx_HAL_Driver/Inc/stm32f7xx_ll_bus.h:1587:22:LL_APB2_GRP1_EnableClock	1
../Drivers/STM32F7xx_HAL_Driver/Inc/stm32f7xx_ll_system.h:891:22:LL_FLASH_SetLatency	1
../Drivers/STM32F7xx_HAL_Driver/Inc/stm32f7xx_ll_system.h:917:26:LL_FLASH_GetLatency	1
../Drivers/STM32F7xx_HAL_Driver/Inc/stm32f7xx_ll_pwr.h:263:22:LL_PWR_EnableOverDriveMode	1
../Drivers/STM32F7xx_HAL_Driver/Inc/stm32f7xx_ll_pwr.h:297:22:LL_PWR_SetRegulVoltageScaling	1
../Drivers/STM32F7xx_HAL_Driver/Inc/stm32f7xx_ll_pwr.h:868:26:LL_PWR_IsActiveFlag_VOS	1
../Drivers/STM32F7xx_HAL_Driver/Inc/stm32f7xx_ll_spi.h:358:22:LL_SPI_Enable	1
../Drivers/STM32F7xx_HAL_Driver/Inc/stm32f7xx_ll_spi.h:426:22:LL_SPI_SetStandard	1
../Drivers/STM32F7xx_HAL_Driver/Inc/stm32f7xx_ll_spi.h:862:22:LL_SPI_EnableNSSPulseMgt	1
../Drivers/STM32F7xx_HAL_Driver/Inc/stm32f7xx_ll_spi.h:874:22:LL_SPI_DisableNSSPulseMgt	1
../Drivers/STM32F7xx_HAL_Driver/Inc/stm32f7xx_ll_tim.h:1504:22:LL_TIM_DisableARRPreload	1
../Drivers/STM32F7xx_HAL_Driver/Inc/stm32f7xx_ll_tim.h:2221:22:LL_TIM_OC_DisableFast	9
../Drivers/STM32F7xx_HAL_Driver/Inc/stm32f7xx_ll_tim.h:2273:22:LL_TIM_OC_EnablePreload	9
../Drivers/STM32F7xx_HAL_Driver/Inc/stm32f7xx_ll_tim.h:3092:22:LL_TIM_SetClockSource	1
../Drivers/STM32F7xx_HAL_Driver/Inc/stm32f7xx_ll_tim.h:3138:22:LL_TIM_SetTriggerOutput	1
../Drivers/STM32F7xx_HAL_Driver/Inc/stm32f7xx_ll_tim.h:3235:22:LL_TIM_DisableMasterSlaveMode	1
../Drivers/STM32F7xx_HAL_Driver/Inc/stm32f7xx_ll_usart.h:560:22:LL_USART_Enable	1
../Drivers/STM32F7xx_HAL_Driver/Inc/stm32f7xx_ll_usart.h:2172:22:LL_USART_SetDEDeassertionTime	1
../Drivers/STM32F7xx_HAL_Driver/Inc/stm32f7xx_ll_usart.h:2199:22:LL_USART_SetDEAssertionTime	1
../Drivers/STM32F7xx_HAL_Driver/Inc/stm32f7xx_ll_usart.h:2225:22:LL_USART_EnableDEMode	1
../Drivers/STM32F7xx_HAL_Driver/Inc/stm32f7xx_ll_usart.h:2267:22:LL_USART_SetDESignalPolarity	1
../Drivers/STM32F7xx_HAL_Driver/Inc/stm32f7xx_ll_usart.h:2320:22:LL_USART_ConfigAsyncMode	1
../Drivers/STM32F7xx_HAL_Driver/Inc/stm32f7xx_ll_gpio.h:881:22:LL_GPIO_SetOutputPin	1
../Drivers/STM32F7xx_HAL_Driver/Inc/stm32f7xx_ll_gpio.h:910:22:LL_GPIO_ResetOutputPin	1
../Core/Src/main.c:98:5:main	1
../Core/Src/main.c:223:6:SystemClock_Config	7
../Core/Src/main.c:276:13:MX_ADC1_Init	10
../Core/Src/main.c:391:13:MX_ADC2_Init	3
../Core/Src/main.c:443:13:MX_ADC3_Init	3
../Core/Src/main.c:495:13:MX_I2C1_Init	1
../Core/Src/main.c:562:13:MX_I2C2_Init	1
../Core/Src/main.c:629:13:MX_SPI1_Init	1
../Core/Src/main.c:710:13:MX_SPI2_Init	1
../Core/Src/main.c:803:13:MX_SPI3_Init	1
../Core/Src/main.c:875:13:MX_SPI4_Init	1
../Core/Src/main.c:947:13:MX_SPI6_Init	1
../Core/Src/main.c:1059:13:MX_TIM1_Init	4
../Core/Src/main.c:1106:13:MX_TIM4_Init	1
../Core/Src/main.c:1199:13:MX_UART7_Init	1
../Core/Src/main.c:1260:13:MX_USART1_UART_Init	1
../Core/Src/main.c:1334:13:MX_USART6_UART_Init	1
../Core/Src/main.c:1397:13:MX_DMA_Init	1
../Core/Src/main.c:1426:13:MX_GPIO_Init	1
../Core/Src/main.c:1803:6:Error_Handler	1
