../Drivers/STM32F7xx_HAL_Driver/Inc/stm32f7xx_ll_spi.h:358:22:LL_SPI_Enable	16	static
../Drivers/STM32F7xx_HAL_Driver/Inc/stm32f7xx_ll_spi.h:370:22:LL_SPI_Disable	16	static
../Drivers/STM32F7xx_HAL_Driver/Inc/stm32f7xx_ll_spi.h:381:26:LL_SPI_IsEnabled	16	static
../Drivers/STM32F7xx_HAL_Driver/Inc/stm32f7xx_ll_spi.h:518:22:LL_SPI_SetBaudRatePrescaler	16	static
../Drivers/STM32F7xx_HAL_Driver/Inc/stm32f7xx_ll_spi.h:627:22:LL_SPI_SetDataWidth	16	static
../Drivers/STM32F7xx_HAL_Driver/Inc/stm32f7xx_ll_spi.h:905:26:LL_SPI_IsActiveFlag_RXNE	16	static
../Drivers/STM32F7xx_HAL_Driver/Inc/stm32f7xx_ll_spi.h:916:26:LL_SPI_IsActiveFlag_TXE	16	static
../Drivers/STM32F7xx_HAL_Driver/Inc/stm32f7xx_ll_spi.h:967:26:LL_SPI_IsActiveFlag_BSY	16	static
../Drivers/STM32F7xx_HAL_Driver/Inc/stm32f7xx_ll_spi.h:1108:22:LL_SPI_EnableIT_TXE	16	static
../Drivers/STM32F7xx_HAL_Driver/Inc/stm32f7xx_ll_spi.h:1333:25:LL_SPI_ReceiveData8	16	static
../Drivers/STM32F7xx_HAL_Driver/Inc/stm32f7xx_ll_spi.h:1356:22:LL_SPI_TransmitData8	24	static
../Drivers/STM32F7xx_HAL_Driver/Inc/stm32f7xx_ll_gpio.h:800:26:LL_GPIO_IsInputPinSet	16	static
../Drivers/STM32F7xx_HAL_Driver/Inc/stm32f7xx_ll_gpio.h:881:22:LL_GPIO_SetOutputPin	16	static
../Drivers/STM32F7xx_HAL_Driver/Inc/stm32f7xx_ll_gpio.h:910:22:LL_GPIO_ResetOutputPin	16	static
../Dev/Devices/ADS8327/ads8327.c:14:13:ADS8327_Transmit16	16	static
../Dev/Devices/ADS8327/ads8327.c:30:17:ADS8327_Receive16	24	static
../Dev/Devices/ADS8327/ads8327.c:54:6:ADS8327_Wake_Up	16	static
../Dev/Devices/ADS8327/ads8327.c:64:6:ADS8327_Write_CFR	24	static
../Dev/Devices/ADS8327/ads8327.c:78:6:ADS8327_Default_CFR	16	static
../Dev/Devices/ADS8327/ads8327.c:96:10:ADS8327_Read_Data_Polling	24	static
../Dev/Devices/ADS8327/ads8327.c:156:6:ISR_TIMTrigger_IRQHandler	16	static
../Dev/Devices/ADS8327/ads8327.c:167:6:ISR_SPI_DMA_IRQHandler	16	static
../Dev/Devices/ADS8327/ads8327.c:177:6:SPI_Tranceiver_IT	16	static
../Dev/Devices/ADS8327/ads8327.c:184:6:SPI_SetPrescaler	16	static
../Dev/Devices/ADS8327/ads8327.c:208:6:SPI_SetDataLength	16	static
../Dev/Devices/ADS8327/ads8327.c:226:6:ADS8327_Device_Init	24	static,ignoring_inline_asm
