../Drivers/STM32F7xx_HAL_Driver/Inc/stm32f7xx_ll_adc.h:3822:22:LL_ADC_Enable	16	static
../Drivers/STM32F7xx_HAL_Driver/Inc/stm32f7xx_ll_adc.h:3844:26:LL_ADC_IsEnabled	16	static
../Drivers/STM32F7xx_HAL_Driver/Inc/stm32f7xx_ll_adc.h:3873:22:LL_ADC_REG_StartConversionSWStart	16	static
../Drivers/STM32F7xx_HAL_Driver/Inc/stm32f7xx_ll_dma.h:497:22:LL_DMA_EnableStream	16	static
../Drivers/STM32F7xx_HAL_Driver/Inc/stm32f7xx_ll_dma.h:598:22:LL_DMA_SetDataTransferDirection	24	static
../Drivers/STM32F7xx_HAL_Driver/Inc/stm32f7xx_ll_dma.h:646:22:LL_DMA_SetMode	24	static
../Drivers/STM32F7xx_HAL_Driver/Inc/stm32f7xx_ll_dma.h:693:22:LL_DMA_SetPeriphIncMode	24	static
../Drivers/STM32F7xx_HAL_Driver/Inc/stm32f7xx_ll_dma.h:738:22:LL_DMA_SetMemoryIncMode	24	static
../Drivers/STM32F7xx_HAL_Driver/Inc/stm32f7xx_ll_dma.h:784:22:LL_DMA_SetPeriphSize	24	static
../Drivers/STM32F7xx_HAL_Driver/Inc/stm32f7xx_ll_dma.h:831:22:LL_DMA_SetMemorySize	24	static
../Drivers/STM32F7xx_HAL_Driver/Inc/stm32f7xx_ll_dma.h:971:22:LL_DMA_SetDataLength	24	static
../Drivers/STM32F7xx_HAL_Driver/Inc/stm32f7xx_ll_dma.h:1032:22:LL_DMA_SetChannelSelection	24	static
../Drivers/STM32F7xx_HAL_Driver/Inc/stm32f7xx_ll_dma.h:1459:22:LL_DMA_SetMemoryAddress	24	static
../Drivers/STM32F7xx_HAL_Driver/Inc/stm32f7xx_ll_dma.h:1482:22:LL_DMA_SetPeriphAddress	24	static
../Dev/Devices/NTC/ntc.c:507:6:NTC_DMA_ADC_Init	8	static
../Dev/Devices/NTC/ntc.c:538:6:NTC_get_temperature	24	static
../Dev/Devices/NTC/ntc.c:546:9:ntc_convert	24	static
