../Drivers/CMSIS/Include/core_cm7.h:1896:22:__NVIC_EnableIRQ	16	static
../Drivers/CMSIS/Include/core_cm7.h:2024:22:__NVIC_SetPriority	16	static
../Drivers/STM32F7xx_HAL_Driver/Inc/stm32f7xx_ll_exti.h:830:26:LL_EXTI_IsActiveFlag_0_31	16	static
../Drivers/STM32F7xx_HAL_Driver/Inc/stm32f7xx_ll_exti.h:904:22:LL_EXTI_ClearFlag_0_31	16	static
../Drivers/STM32F7xx_HAL_Driver/Inc/stm32f7xx_ll_spi.h:1373:22:LL_SPI_TransmitData16	24	static
../Dev/BSupport/BSP/bsp_photodiode/bsp_photodiode.c:23:6:bsp_photo_sw_init	16	static
../Dev/BSupport/BSP/bsp_photodiode/bsp_photodiode.c:29:6:bsp_photo_sw_spi_change_mode	4	static
../Dev/BSupport/BSP/bsp_photodiode/bsp_photodiode.c:35:6:bsp_photo_adc_spi_change_mode	4	static
../Dev/BSupport/BSP/bsp_photodiode/bsp_photodiode.c:47:6:bsp_photodiode_timer1_init	24	static
../Dev/BSupport/BSP/bsp_photodiode/bsp_photodiode.c:82:6:bsp_photodiode_sample_start	16	static
../Dev/BSupport/BSP/bsp_photodiode/bsp_photodiode.c:94:6:bsp_photodiode_start_pre_sampling	16	static
../Dev/BSupport/BSP/bsp_photodiode/bsp_photodiode.c:101:6:TIM1_UP_TIM10_IRQHandler	8	static,ignoring_inline_asm
../Dev/BSupport/BSP/bsp_photodiode/bsp_photodiode.c:118:6:EXTI15_10_IRQHandler	8	static
