../Drivers/CMSIS/Include/core_cm7.h:1896:22:__NVIC_EnableIRQ	16	static
../Drivers/CMSIS/Include/core_cm7.h:2024:22:__NVIC_SetPriority	16	static
../Drivers/STM32F7xx_HAL_Driver/Inc/stm32f7xx_ll_spi.h:358:22:LL_SPI_Enable	16	static
../Drivers/STM32F7xx_HAL_Driver/Inc/stm32f7xx_ll_spi.h:370:22:LL_SPI_Disable	16	static
../Drivers/STM32F7xx_HAL_Driver/Inc/stm32f7xx_ll_spi.h:455:22:LL_SPI_SetClockPhase	16	static
../Drivers/STM32F7xx_HAL_Driver/Inc/stm32f7xx_ll_spi.h:484:22:LL_SPI_SetClockPolarity	16	static
../Drivers/STM32F7xx_HAL_Driver/Inc/stm32f7xx_ll_spi.h:518:22:LL_SPI_SetBaudRatePrescaler	16	static
../Drivers/STM32F7xx_HAL_Driver/Inc/stm32f7xx_ll_spi.h:627:22:LL_SPI_SetDataWidth	16	static
../Drivers/STM32F7xx_HAL_Driver/Inc/stm32f7xx_ll_spi.h:1373:22:LL_SPI_TransmitData16	24	static
../Dev/BSupport/BSP/bsp_photodiode/bsp_photodiode.c:16:6:bsp_photo_set_spi_data_len	16	static
../Dev/BSupport/BSP/bsp_photodiode/bsp_photodiode.c:23:6:bsp_photo_set_spi_prescaler	16	static
../Dev/BSupport/BSP/bsp_photodiode/bsp_photodiode.c:30:6:bsp_photo_set_spi_mode	16	static
../Dev/BSupport/BSP/bsp_photodiode/bsp_photodiode.c:59:6:bsp_photo_sw_init	56	static
../Dev/BSupport/BSP/bsp_photodiode/bsp_photodiode.c:79:6:bsp_photo_sw_spi_change_mode	8	static
../Dev/BSupport/BSP/bsp_photodiode/bsp_photodiode.c:87:6:bsp_photo_adc_spi_change_mode	8	static
../Dev/BSupport/BSP/bsp_photodiode/bsp_photodiode.c:101:6:bsp_photodiode_timer1_init	24	static
../Dev/BSupport/BSP/bsp_photodiode/bsp_photodiode.c:120:6:bsp_photodiode_sample_start	16	static
../Dev/BSupport/BSP/bsp_photodiode/bsp_photodiode.c:131:6:bsp_photodiode_start_pre_sampling	16	static
../Dev/BSupport/BSP/bsp_photodiode/bsp_photodiode.c:138:6:TIM1_UP_TIM10_IRQHandler	8	static
